$ playwright test
[WebServer] $ dotenv next dev --turbo
[WebServer] (node:34072) Warning: Setting the NODE_TLS_REJECT_UNAUTHORIZED environment variable to '0' makes TLS connections and HTTPS requests insecure by disabling certificate verification.
[WebServer] (Use `node --trace-warnings ...` to show where the warning was created)

Running 46 tests using 6 workers

[WebServer] [browser] WARN: A component changed from uncontrolled to controlled.
[WebServer] [browser] WARN: A component changed from uncontrolled to controlled.
  ✓   6 [chromium] › tests\e2e\api-user.spec.ts:15:3 › User API tests › creates a user (9.7s)
  ✘   3 [chromium] › tests\e2e\login.spec.ts:9:3 › Login tests › logs user in with correct credentials and logs user out (14.0s)
[WebServer] ⨯ Error [PrismaClientKnownRequestError]: 
[WebServer] Invalid `{imported module ./src/lib/prisma.ts}["default"].client.user.create()` invocation in
[WebServer] C:\git\smart-se\verify-harness\umami-sample-existing-copilot-33\.next\dev\server\chunks\[root-of-the-server]__08g0~3p._.js:2949:154
[WebServer] 
[WebServer]   2946     }, sortFilters);
[WebServer]   2947 }
[WebServer]   2948 async function createUser(data) {
[WebServer] → 2949     return {imported module}$5b$project$5d2f$src$2f$lib$2f$prisma$2e$ts__$5b$app$2d$route$5d$__$28$ecmascript$29$__["default"].client.user.create(
[WebServer] Unique constraint failed on the fields: (`username`)
[WebServer]     at async POST (src\app\api\users\route.ts:37:16)
[WebServer]   35 |   }
[WebServer]   36 |
[WebServer] > 37 |   const user = await createUser({
[WebServer]      |                ^
[WebServer]   38 |     id: id || uuid(),
[WebServer]   39 |     username: username.toLowerCase(),
[WebServer]   40 |     password: hashPassword(password), {
[WebServer]   code: 'P2002',
[WebServer]   meta: {
[WebServer]     modelName: 'User',
[WebServer]     driverAdapterError: Error [DriverAdapterError]: UniqueConstraintViolation
[WebServer]         at async POST (src\app\api\users\route.ts:37:16)
[WebServer]       35 |   }
[WebServer]       36 |
[WebServer]     > 37 |   const user = await createUser({
[WebServer]          |                ^
[WebServer]       38 |     id: id || uuid(),
[WebServer]       39 |     username: username.toLowerCase(),
[WebServer]       40 |     password: hashPassword(password), {
[WebServer]       [cause]: [Object]
[WebServer]     }
[WebServer]   },
[WebServer]   clientVersion: '7.8.0'
[WebServer] }
  ✘   2 [chromium] › tests\e2e\api-team.spec.ts:34:3 › Team API tests › creates a team (1ms)
  -   8 [chromium] › tests\e2e\api-team.spec.ts:48:3 › Team API tests › gets a team by ID
  -   9 [chromium] › tests\e2e\api-team.spec.ts:58:3 › Team API tests › updates a team
  -  10 [chromium] › tests\e2e\api-team.spec.ts:70:3 › Team API tests › gets all users that belong to a team
  -  11 [chromium] › tests\e2e\api-team.spec.ts:83:3 › Team API tests › gets a user belonging to a team
  -  12 [chromium] › tests\e2e\api-team.spec.ts:95:3 › Team API tests › gets all websites belonging to a team
  -  13 [chromium] › tests\e2e\api-team.spec.ts:105:3 › Team API tests › adds a user to a team
  -  14 [chromium] › tests\e2e\api-team.spec.ts:120:3 › Team API tests › updates a user role on a team
  -  15 [chromium] › tests\e2e\api-team.spec.ts:134:3 › Team API tests › removes a user from a team
  -  16 [chromium] › tests\e2e\api-team.spec.ts:142:3 › Team API tests › deletes a team
  ✓   5 [chromium] › tests\e2e\api-website.spec.ts:35:3 › Website API tests › creates a website for user (229ms)
  ✓  17 [chromium] › tests\e2e\api-website.spec.ts:49:3 › Website API tests › creates a website for team (175ms)
  ✘   7 [chromium] › tests\e2e\api-user.spec.ts:29:3 › User API tests › returns all users when admin access is used (9.7s)
  -  19 [chromium] › tests\e2e\api-user.spec.ts:42:3 › User API tests › updates a user
  -  20 [chromium] › tests\e2e\api-user.spec.ts:57:3 › User API tests › gets a user by ID
  -  21 [chromium] › tests\e2e\api-user.spec.ts:69:3 › User API tests › deletes a user
  -  22 [chromium] › tests\e2e\api-user.spec.ts:79:3 › User API tests › gets all websites that belong to a user
  -  23 [chromium] › tests\e2e\api-user.spec.ts:89:3 › User API tests › gets all teams that belong to a user
  ✓  18 [chromium] › tests\e2e\api-website.spec.ts:65:3 › Website API tests › creates a website with a fixed ID (12.5s)
  ✓  26 [chromium] › tests\e2e\api-website.spec.ts:83:3 › Website API tests › returns all tracked websites (107ms)
  ✓  27 [chromium] › tests\e2e\api-website.spec.ts:95:3 › Website API tests › gets a website by ID (1.3s)
  ✓  28 [chromium] › tests\e2e\api-website.spec.ts:106:3 › Website API tests › updates a website (330ms)
  ✓  29 [chromium] › tests\e2e\api-website.spec.ts:120:3 › Website API tests › updates a website with only shareId (619ms)
  ✘   1 [chromium] › tests\e2e\user.spec.ts:12:3 › User tests › adds a user (30.1s)
  -  31 [chromium] › tests\e2e\user.spec.ts:26:3 › User tests › edits a user role and password
  -  32 [chromium] › tests\e2e\user.spec.ts:50:3 › User tests › deletes a user
  ✘   4 [chromium] › tests\e2e\e2e-US-201.spec.ts:9:3 › US-201: Website Note Feature E2E Tests › S-1: enters and saves a memo (35.3s)
  ✘  24 [chromium] › tests\e2e\login.spec.ts:19:3 › Login tests › shows validation for blank inputs or incorrect credentials (10.2s)
[WebServer] [browser] <Focusable> child must have an interactive ARIA role.
[WebServer] [browser] <Focusable> child must have an interactive ARIA role.
[WebServer] [browser] <Focusable> child must have an interactive ARIA role.
[WebServer] [browser] <Focusable> child must have an interactive ARIA role.
  ✘  30 [chromium] › tests\e2e\api-website.spec.ts:131:3 › Website API tests › resets a website by removing all data related to the website (3.1s)
  -  34 [chromium] › tests\e2e\api-website.spec.ts:141:3 › Website API tests › deletes a website
[WebServer] [browser] <Focusable> child must have an interactive ARIA role.
[WebServer] [browser] <Focusable> child must have an interactive ARIA role.
[WebServer] [browser] <Focusable> child must have an interactive ARIA role.
[WebServer] [browser] <Focusable> child must have an interactive ARIA role.
  ✘  25 [chromium] › tests\e2e\website.spec.ts:5:3 › Website tests › adds a website (30.0s)
[WebServer] [browser] <Focusable> child must have an interactive ARIA role.
[WebServer] [browser] <Focusable> child must have an interactive ARIA role.
[WebServer] [browser] <Focusable> child must have an interactive ARIA role.
[WebServer] [browser] <Focusable> child must have an interactive ARIA role.
  ✘  33 [chromium] › tests\e2e\e2e-US-201.spec.ts:40:3 › US-201: Website Note Feature E2E Tests › S-2: saves memo with line breaks and special characters (30.0s)
[WebServer] [browser] <Focusable> child must have an interactive ARIA role.
[WebServer] [browser] <Focusable> child must have an interactive ARIA role.
[WebServer] [browser] <Focusable> child must have an interactive ARIA role.
[WebServer] [browser] <Focusable> child must have an interactive ARIA role.
  ✘  35 [chromium] › tests\e2e\website.spec.ts:28:3 › Website tests › edits a website (30.0s)
[WebServer] [browser] <Focusable> child must have an interactive ARIA role.
[WebServer] [browser] <Focusable> child must have an interactive ARIA role.
[WebServer] [browser] <Focusable> child must have an interactive ARIA role.
[WebServer] [browser] <Focusable> child must have an interactive ARIA role.
  ✘  36 [chromium] › tests\e2e\e2e-US-201.spec.ts:62:3 › US-201: Website Note Feature E2E Tests › S-3: edits an existing memo (30.0s)
[WebServer] [browser] <Focusable> child must have an interactive ARIA role.
[WebServer] [browser] <Focusable> child must have an interactive ARIA role.
[WebServer] [browser] <Focusable> child must have an interactive ARIA role.
[WebServer] [browser] <Focusable> child must have an interactive ARIA role.
  ✘  37 [chromium] › tests\e2e\website.spec.ts:56:3 › Website tests › deletes a website (30.1s)
  ✘  38 [chromium] › tests\e2e\e2e-US-201.spec.ts:91:3 › US-201: Website Note Feature E2E Tests › S-4: clears a memo (30.1s)
[WebServer] [browser] <Focusable> child must have an interactive ARIA role.
[WebServer] [browser] <Focusable> child must have an interactive ARIA role.
[WebServer] [browser] <Focusable> child must have an interactive ARIA role.
[WebServer] [browser] <Focusable> child must have an interactive ARIA role.
  ✘  39 [chromium] › tests\e2e\e2e-US-201.spec.ts:120:3 › US-201: Website Note Feature E2E Tests › S-5: memo persists after page reload (30.0s)
[WebServer] [browser] <Focusable> child must have an interactive ARIA role.
[WebServer] [browser] <Focusable> child must have an interactive ARIA role.
[WebServer] [browser] <Focusable> child must have an interactive ARIA role.
[WebServer] [browser] <Focusable> child must have an interactive ARIA role.
  ✘  40 [chromium] › tests\e2e\e2e-US-201.spec.ts:152:3 › US-201: Website Note Feature E2E Tests › S-6: displays memos in website list (8.9s)
[WebServer] [browser] <Focusable> child must have an interactive ARIA role.
[WebServer] [browser] <Focusable> child must have an interactive ARIA role.
[WebServer] [browser] <Focusable> child must have an interactive ARIA role.
[WebServer] [browser] <Focusable> child must have an interactive ARIA role.
  ✘  41 [chromium] › tests\e2e\e2e-US-201.spec.ts:178:3 › US-201: Website Note Feature E2E Tests › S-7: truncates long memos in list (8.3s)
[WebServer] [browser] <Focusable> child must have an interactive ARIA role.
[WebServer] [browser] <Focusable> child must have an interactive ARIA role.
[WebServer] [browser] <Focusable> child must have an interactive ARIA role.
[WebServer] [browser] <Focusable> child must have an interactive ARIA role.
  ✘  42 [chromium] › tests\e2e\e2e-US-201.spec.ts:204:3 › US-201: Website Note Feature E2E Tests › S-8: memo in list matches memo in detail view (30.1s)
[WebServer] [browser] <Focusable> child must have an interactive ARIA role.
[WebServer] [browser] <Focusable> child must have an interactive ARIA role.
[WebServer] [browser] <Focusable> child must have an interactive ARIA role.
[WebServer] [browser] <Focusable> child must have an interactive ARIA role.
  ✘  43 [chromium] › tests\e2e\e2e-US-201.spec.ts:239:3 › US-201: Website Note Feature E2E Tests › S-9: rejects memo exceeding 500 characters (30.1s)
[WebServer] [browser] <Focusable> child must have an interactive ARIA role.
[WebServer] [browser] <Focusable> child must have an interactive ARIA role.
[WebServer] [browser] <Focusable> child must have an interactive ARIA role.
[WebServer] [browser] <Focusable> child must have an interactive ARIA role.
  ✘  44 [chromium] › tests\e2e\e2e-US-201.spec.ts:269:3 › US-201: Website Note Feature E2E Tests › S-12: displays website with no memo (9.6s)
[WebServer] [browser] <Focusable> child must have an interactive ARIA role.
[WebServer] [browser] <Focusable> child must have an interactive ARIA role.
[WebServer] [browser] <Focusable> child must have an interactive ARIA role.
[WebServer] [browser] <Focusable> child must have an interactive ARIA role.
  ✘  45 [chromium] › tests\e2e\e2e-US-201.spec.ts:290:3 › US-201: Website Note Feature E2E Tests › S-13: edits existing website with null memo (30.0s)
  ✓  46 [chromium] › tests\e2e\e2e-US-201.spec.ts:322:3 › US-201: Website Note Feature E2E Tests › S-9-EX: accepts memo with exactly 500 characters (3.0s)


  1) [chromium] › tests\e2e\api-team.spec.ts:34:3 › Team API tests › creates a team ────────────────

    SyntaxError: Unexpected end of JSON input

      17 |       data: users.userCreate,
      18 |     });
    > 19 |     const body = await response.json();
         |                  ^
      20 |
      21 |     userId = body.id;
      22 |
        at C:\git\smart-se\verify-harness\umami-sample-existing-copilot-33\tests\e2e\api-team.spec.ts:19:18

    Error Context: test-results\api-team-Team-API-tests-creates-a-team-chromium\error-context.md

    Error Context: test-results\api-team-Team-API-tests-creates-a-team-chromium\error-context.md

  2) [chromium] › tests\e2e\api-user.spec.ts:29:3 › User API tests › returns all users when admin access is used 

    Error: [2mexpect([22m[31mreceived[39m[2m).[22mtoHaveProperty[2m([22m[32mpath[39m[2m)[22m

    Expected path: [32m"password"[39m
    Received path: [31m[][39m

    Received value: [31m{"_count": {"websites": 0}, "createdAt": "2026-08-18T14:04:56.427Z", "deletedAt": null, "displayName": null, "id": "e3e91d5d-6392-4640-8ad9-66bcd5518da1", "logoUrl": null, "role": "user", "updatedAt": "2026-08-18T14:04:56.427Z", "username": "playwright1"}[39m

      36 |     expect(body.data[0]).toHaveProperty('id');
      37 |     expect(body.data[0]).toHaveProperty('username');
    > 38 |     expect(body.data[0]).toHaveProperty('password');
         |                          ^
      39 |     expect(body.data[0]).toHaveProperty('role');
      40 |   });
      41 |
        at C:\git\smart-se\verify-harness\umami-sample-existing-copilot-33\tests\e2e\api-user.spec.ts:38:26

    Error Context: test-results\api-user-User-API-tests-re-590c1-s-when-admin-access-is-used-chromium\error-context.md

  3) [chromium] › tests\e2e\api-website.spec.ts:131:3 › Website API tests › resets a website by removing all data related to the website 

    SyntaxError: Unexpected token '<', "<!DOCTYPE "... is not valid JSON

      133 |       headers: authHeaders(auth),
      134 |     });
    > 135 |     const body = await response.json();
          |                  ^
      136 |
      137 |     expect(response.status()).toBe(200);
      138 |     expect(body).toHaveProperty('ok', true);
        at C:\git\smart-se\verify-harness\umami-sample-existing-copilot-33\tests\e2e\api-website.spec.ts:135:18

    Error Context: test-results\api-website-Website-API-te-bb1ab-data-related-to-the-website-chromium\error-context.md

    Error Context: test-results\api-website-Website-API-te-bb1ab-data-related-to-the-website-chromium\error-context.md

  4) [chromium] › tests\e2e\e2e-US-201.spec.ts:9:3 › US-201: Website Note Feature E2E Tests › S-1: enters and saves a memo 

    [31mTest timeout of 30000ms exceeded.[39m

    Error: page.goto: net::ERR_ABORTED; maybe frame was detached?
    Call log:
    [2m  - navigating to "http://localhost:3000/settings/websites", waiting until "load"[22m


      18 |
      19 |     // Navigate to website settings
    > 20 |     await page.goto('/settings/websites');
         |                ^
      21 |     await page.getByTestId('link-button-edit').first().click();
      22 |     await expect(page.getByText(/Details/i)).toBeVisible();
      23 |
        at C:\git\smart-se\verify-harness\umami-sample-existing-copilot-33\tests\e2e\e2e-US-201.spec.ts:20:16

    Error Context: test-results\e2e-US-201-US-201-Website--230eb-S-1-enters-and-saves-a-memo-chromium\error-context.md

  5) [chromium] › tests\e2e\e2e-US-201.spec.ts:40:3 › US-201: Website Note Feature E2E Tests › S-2: saves memo with line breaks and special characters 

    [31mTest timeout of 30000ms exceeded.[39m

    Error: locator.click: Test timeout of 30000ms exceeded.
    Call log:
    [2m  - waiting for getByTestId('link-button-edit').first()[22m


      44 |     await addWebsite(request, auth, 'Test Website 2', 'test2.com');
      45 |     await page.goto('/settings/websites');
    > 46 |     await page.getByTestId('link-button-edit').first().click();
         |                                                        ^
      47 |
      48 |     const websiteId = await page.getByTestId('text-field-websiteId').locator('input').inputValue();
      49 |     await page.goto(`/settings/websites/${websiteId}`);
        at C:\git\smart-se\verify-harness\umami-sample-existing-copilot-33\tests\e2e\e2e-US-201.spec.ts:46:56

    Error Context: test-results\e2e-US-201-US-201-Website--ac776-eaks-and-special-characters-chromium\error-context.md

  6) [chromium] › tests\e2e\e2e-US-201.spec.ts:62:3 › US-201: Website Note Feature E2E Tests › S-3: edits an existing memo 

    [31mTest timeout of 30000ms exceeded.[39m

    Error: locator.click: Test timeout of 30000ms exceeded.
    Call log:
    [2m  - waiting for getByTestId('link-button-edit').first()[22m


      67 |     await addWebsite(request, auth, 'Test Website 3', 'test3.com');
      68 |     await page.goto('/settings/websites');
    > 69 |     await page.getByTestId('link-button-edit').first().click();
         |                                                        ^
      70 |
      71 |     const websiteId = await page.getByTestId('text-field-websiteId').locator('input').inputValue();
      72 |     await page.goto(`/settings/websites/${websiteId}`);
        at C:\git\smart-se\verify-harness\umami-sample-existing-copilot-33\tests\e2e\e2e-US-201.spec.ts:69:56

    Error Context: test-results\e2e-US-201-US-201-Website--99a96--S-3-edits-an-existing-memo-chromium\error-context.md

  7) [chromium] › tests\e2e\e2e-US-201.spec.ts:91:3 › US-201: Website Note Feature E2E Tests › S-4: clears a memo 

    [31mTest timeout of 30000ms exceeded.[39m

    Error: locator.click: Test timeout of 30000ms exceeded.
    Call log:
    [2m  - waiting for getByTestId('link-button-edit').first()[22m


       95 |     await addWebsite(request, auth, 'Test Website 4', 'test4.com');
       96 |     await page.goto('/settings/websites');
    >  97 |     await page.getByTestId('link-button-edit').first().click();
          |                                                        ^
       98 |
       99 |     const websiteId = await page.getByTestId('text-field-websiteId').locator('input').inputValue();
      100 |     await page.goto(`/settings/websites/${websiteId}`);
        at C:\git\smart-se\verify-harness\umami-sample-existing-copilot-33\tests\e2e\e2e-US-201.spec.ts:97:56

    Error Context: test-results\e2e-US-201-US-201-Website--d7965-E2E-Tests-S-4-clears-a-memo-chromium\error-context.md

  8) [chromium] › tests\e2e\e2e-US-201.spec.ts:120:3 › US-201: Website Note Feature E2E Tests › S-5: memo persists after page reload 

    [31mTest timeout of 30000ms exceeded.[39m

    Error: locator.click: Test timeout of 30000ms exceeded.
    Call log:
    [2m  - waiting for getByTestId('link-button-edit').first()[22m


      124 |     await addWebsite(request, auth, 'Test Website 5', 'test5.com');
      125 |     await page.goto('/settings/websites');
    > 126 |     await page.getByTestId('link-button-edit').first().click();
          |                                                        ^
      127 |
      128 |     const websiteId = await page.getByTestId('text-field-websiteId').locator('input').inputValue();
      129 |     await page.goto(`/settings/websites/${websiteId}`);
        at C:\git\smart-se\verify-harness\umami-sample-existing-copilot-33\tests\e2e\e2e-US-201.spec.ts:126:56

    Error Context: test-results\e2e-US-201-US-201-Website--ab918--persists-after-page-reload-chromium\error-context.md

  9) [chromium] › tests\e2e\e2e-US-201.spec.ts:152:3 › US-201: Website Note Feature E2E Tests › S-6: displays memos in website list 

    Error: [2mexpect([22m[31mlocator[39m[2m).[22mtoBeVisible[2m([22m[2m)[22m failed

    Locator: getByText('Listed memo')
    Expected: visible
    Timeout: 5000ms
    Error: element(s) not found

    Call log:
    [2m  - Expect "toBeVisible" with timeout 5000ms[22m
    [2m  - waiting for getByText('Listed memo')[22m


      169 |
      170 |     // Verify: メモが一覧に表示されている
    > 171 |     await expect(page.getByText(testMemo)).toBeVisible();
          |                                            ^
      172 |
      173 |     // Cleanup
      174 |     await deleteWebsite(request, auth, testWebsite.id);
        at C:\git\smart-se\verify-harness\umami-sample-existing-copilot-33\tests\e2e\e2e-US-201.spec.ts:171:44

    Error Context: test-results\e2e-US-201-US-201-Website--71df4-plays-memos-in-website-list-chromium\error-context.md

  10) [chromium] › tests\e2e\e2e-US-201.spec.ts:178:3 › US-201: Website Note Feature E2E Tests › S-7: truncates long memos in list 

    Error: [2mexpect([22m[31mlocator[39m[2m).[22mtoBeVisible[2m([22m[2m)[22m failed

    Locator: locator('td').filter({ hasText: /^[A]{1,100}\.\.\./ }).first()
    Expected: visible
    Timeout: 5000ms
    Error: element(s) not found

    Call log:
    [2m  - Expect "toBeVisible" with timeout 5000ms[22m
    [2m  - waiting for locator('td').filter({ hasText: /^[A]{1,100}\.\.\./ }).first()[22m


      195 |     // Verify: メモが省略表示されている（最大100字 + "..."）
      196 |     const memoCell = page.locator('td').filter({ hasText: /^[A]{1,100}\.\.\./ }).first();
    > 197 |     await expect(memoCell).toBeVisible();
          |                            ^
      198 |
      199 |     // Cleanup
      200 |     await deleteWebsite(request, auth, testWebsite.id);
        at C:\git\smart-se\verify-harness\umami-sample-existing-copilot-33\tests\e2e\e2e-US-201.spec.ts:197:28

    Error Context: test-results\e2e-US-201-US-201-Website--04791-runcates-long-memos-in-list-chromium\error-context.md

  11) [chromium] › tests\e2e\e2e-US-201.spec.ts:204:3 › US-201: Website Note Feature E2E Tests › S-8: memo in list matches memo in detail view 

    [31mTest timeout of 30000ms exceeded.[39m

    Error: locator.textContent: Test timeout of 30000ms exceeded.
    Call log:
    [2m  - waiting for locator('td').filter({ hasText: 'Consistency test memo' }).first()[22m


      218 |     // Show list and note the memo
      219 |     await page.goto('/settings/websites');
    > 220 |     const listMemo = await page.locator('td').filter({ hasText: testMemo }).first().textContent();
          |                                                                                     ^
      221 |
      222 |     // Open detail view
      223 |     await page.getByTestId('link-button-edit').first().click();
        at C:\git\smart-se\verify-harness\umami-sample-existing-copilot-33\tests\e2e\e2e-US-201.spec.ts:220:85

    Error Context: test-results\e2e-US-201-US-201-Website--eadd4-matches-memo-in-detail-view-chromium\error-context.md

  12) [chromium] › tests\e2e\e2e-US-201.spec.ts:239:3 › US-201: Website Note Feature E2E Tests › S-9: rejects memo exceeding 500 characters 

    [31mTest timeout of 30000ms exceeded.[39m

    Error: locator.click: Test timeout of 30000ms exceeded.
    Call log:
    [2m  - waiting for getByTestId('link-button-edit').first()[22m


      243 |     await addWebsite(request, auth, 'Validation Test', 'validation.com');
      244 |     await page.goto('/settings/websites');
    > 245 |     await page.getByTestId('link-button-edit').first().click();
          |                                                        ^
      246 |
      247 |     const websiteId = await page.getByTestId('text-field-websiteId').locator('input').inputValue();
      248 |     await page.goto(`/settings/websites/${websiteId}`);
        at C:\git\smart-se\verify-harness\umami-sample-existing-copilot-33\tests\e2e\e2e-US-201.spec.ts:245:56

    Error Context: test-results\e2e-US-201-US-201-Website--2cc38-mo-exceeding-500-characters-chromium\error-context.md

  13) [chromium] › tests\e2e\e2e-US-201.spec.ts:269:3 › US-201: Website Note Feature E2E Tests › S-12: displays website with no memo 

    Error: [2mexpect([22m[31mlocator[39m[2m).[22mtoBeVisible[2m([22m[2m)[22m failed

    Locator: getByText('No Memo Website')
    Expected: visible
    Timeout: 5000ms
    Error: element(s) not found

    Call log:
    [2m  - Expect "toBeVisible" with timeout 5000ms[22m
    [2m  - waiting for getByText('No Memo Website')[22m


      275 |
      276 |     // Verify: メモなしサイトが正常に表示される
    > 277 |     await expect(page.getByText('No Memo Website')).toBeVisible();
          |                                                     ^
      278 |     await expect(page.locator('td').filter({ hasText: '-' }).first()).toBeVisible();
      279 |
      280 |     // Cleanup
        at C:\git\smart-se\verify-harness\umami-sample-existing-copilot-33\tests\e2e\e2e-US-201.spec.ts:277:53

    Error Context: test-results\e2e-US-201-US-201-Website--24224-splays-website-with-no-memo-chromium\error-context.md

  14) [chromium] › tests\e2e\e2e-US-201.spec.ts:290:3 › US-201: Website Note Feature E2E Tests › S-13: edits existing website with null memo 

    [31mTest timeout of 30000ms exceeded.[39m

    Error: locator.click: Test timeout of 30000ms exceeded.
    Call log:
    [2m  - waiting for getByTestId('link-button-edit').first()[22m


      294 |     await addWebsite(request, auth, 'Existing Website', 'existing.com');
      295 |     await page.goto('/settings/websites');
    > 296 |     await page.getByTestId('link-button-edit').first().click();
          |                                                        ^
      297 |
      298 |     const websiteId = await page.getByTestId('text-field-websiteId').locator('input').inputValue();
      299 |     await page.goto(`/settings/websites/${websiteId}`);
        at C:\git\smart-se\verify-harness\umami-sample-existing-copilot-33\tests\e2e\e2e-US-201.spec.ts:296:56

    Error Context: test-results\e2e-US-201-US-201-Website--81642-ting-website-with-null-memo-chromium\error-context.md

  15) [chromium] › tests\e2e\login.spec.ts:9:3 › Login tests › logs user in with correct credentials and logs user out 

    Error: [2mexpect([22m[31mpage[39m[2m).[22mtoHaveURL[2m([22m[32mexpected[39m[2m)[22m failed

    Expected pattern: [32m/\/dashboard$/[39m
    Received string:  [31m"http://localhost:3000/"[39m
    Timeout: 5000ms

    Call log:
    [2m  - Expect "toHaveURL" with timeout 5000ms[22m
    [2m    5 × unexpected value "http://localhost:3000/login"[22m
    [2m    8 × unexpected value "http://localhost:3000/"[22m


      12 |     await page.getByTestId('button-submit').click();
      13 |
    > 14 |     await expect(page).toHaveURL(/\/dashboard$/);
         |                        ^
      15 |
      16 |     await logout(page);
      17 |   });
        at C:\git\smart-se\verify-harness\umami-sample-existing-copilot-33\tests\e2e\login.spec.ts:14:24

    Error Context: test-results\login-Login-tests-logs-use-5cd50-edentials-and-logs-user-out-chromium\error-context.md

  16) [chromium] › tests\e2e\login.spec.ts:19:3 › Login tests › shows validation for blank inputs or incorrect credentials 

    Error: [2mexpect([22m[31mlocator[39m[2m).[22mtoBeVisible[2m([22m[2m)[22m failed

    Locator: getByText(/Required/i)
    Expected: visible
    Error: strict mode violation: getByText(/Required/i) resolved to 2 elements:
        1) <span class="text-base text-red-500">Required</span> aka getByTestId('input-username').getByText('Required')
        2) <span class="text-base text-red-500">Required</span> aka getByTestId('input-password').getByText('Required')

    Call log:
    [2m  - Expect "toBeVisible" with timeout 5000ms[22m
    [2m  - waiting for getByText(/Required/i)[22m


      19 |   test('shows validation for blank inputs or incorrect credentials', async ({ page }) => {
      20 |     await page.getByTestId('button-submit').click();
    > 21 |     await expect(page.getByText(/Required/i)).toBeVisible();
         |                                               ^
      22 |
      23 |     await page.getByTestId('input-username').locator('input').fill(umamiUser.username);
      24 |     await page.getByTestId('input-password').locator('input').fill('wrongpassword');
        at C:\git\smart-se\verify-harness\umami-sample-existing-copilot-33\tests\e2e\login.spec.ts:21:47

    Error Context: test-results\login-Login-tests-shows-va-6ac70-ts-or-incorrect-credentials-chromium\error-context.md

  17) [chromium] › tests\e2e\user.spec.ts:12:3 › User tests › adds a user ──────────────────────────

    [31mTest timeout of 30000ms exceeded.[39m

    Error: [2mexpect([22m[31mlocator[39m[2m).[22mtoBeVisible[2m([22m[2m)[22m failed

    Locator: getByText(/Create user/i)
    Expected: visible
    Error: element(s) not found

    Call log:
    [2m  - Expect "toBeVisible" with timeout 5000ms[22m
    [2m  - waiting for getByText(/Create user/i)[22m


      11 |
      12 |   test('adds a user', async ({ page }) => {
    > 13 |     await expect(page.getByText(/Create user/i)).toBeVisible();
         |                                                  ^
      14 |
      15 |     await page.getByTestId('button-create-user').click();
      16 |     await page.getByTestId('input-username').locator('input').fill('Test-user');
        at C:\git\smart-se\verify-harness\umami-sample-existing-copilot-33\tests\e2e\user.spec.ts:13:50

    Error Context: test-results\user-User-tests-adds-a-user-chromium\error-context.md

  18) [chromium] › tests\e2e\website.spec.ts:5:3 › Website tests › adds a website ──────────────────

    [31mTest timeout of 30000ms exceeded.[39m

    Error: locator.click: Test timeout of 30000ms exceeded.
    Call log:
    [2m  - waiting for getByTestId('button-website-add')[22m


       7 |
       8 |     await page.goto('/settings/websites');
    >  9 |     await page.getByTestId('button-website-add').click();
         |                                                  ^
      10 |     await expect(page.getByText(/Add website/i)).toBeVisible();
      11 |     await page.getByTestId('input-name').locator('input').fill('Add test');
      12 |     await page.getByTestId('input-domain').locator('input').fill('addtest.com');
        at C:\git\smart-se\verify-harness\umami-sample-existing-copilot-33\tests\e2e\website.spec.ts:9:50

    Error Context: test-results\website-Website-tests-adds-a-website-chromium\error-context.md

  19) [chromium] › tests\e2e\website.spec.ts:28:3 › Website tests › edits a website ────────────────

    [31mTest timeout of 30000ms exceeded.[39m

    Error: locator.click: Test timeout of 30000ms exceeded.
    Call log:
    [2m  - waiting for getByTestId('link-button-edit').first()[22m


      32 |     await page.goto('/settings/websites');
      33 |
    > 34 |     await page.getByTestId('link-button-edit').first().click();
         |                                                        ^
      35 |     await expect(page.getByText(/Details/i)).toBeVisible();
      36 |     await page.getByTestId('input-name').locator('input').fill('Updated website');
      37 |     await page.getByTestId('input-domain').locator('input').fill('updatedwebsite.com');
        at C:\git\smart-se\verify-harness\umami-sample-existing-copilot-33\tests\e2e\website.spec.ts:34:56

    Error Context: test-results\website-Website-tests-edits-a-website-chromium\error-context.md

  20) [chromium] › tests\e2e\website.spec.ts:56:3 › Website tests › deletes a website ──────────────

    [31mTest timeout of 30000ms exceeded.[39m

    Error: locator.click: Test timeout of 30000ms exceeded.
    Call log:
    [2m  - waiting for getByTestId('link-button-edit').first()[22m


      60 |     await page.goto('/settings/websites');
      61 |
    > 62 |     await page.getByTestId('link-button-edit').first().click();
         |                                                        ^
      63 |     await expect(page.getByText(/Data/i)).toBeVisible();
      64 |     await page.getByText(/Data/i).click();
      65 |     await expect(page.getByText(/All website data will be deleted./i)).toBeVisible();
        at C:\git\smart-se\verify-harness\umami-sample-existing-copilot-33\tests\e2e\website.spec.ts:62:56

    Error Context: test-results\website-Website-tests-deletes-a-website-chromium\error-context.md

  20 failed
    [chromium] › tests\e2e\api-team.spec.ts:34:3 › Team API tests › creates a team ─────────────────
    [chromium] › tests\e2e\api-user.spec.ts:29:3 › User API tests › returns all users when admin access is used 
    [chromium] › tests\e2e\api-website.spec.ts:131:3 › Website API tests › resets a website by removing all data related to the website 
    [chromium] › tests\e2e\e2e-US-201.spec.ts:9:3 › US-201: Website Note Feature E2E Tests › S-1: enters and saves a memo 
    [chromium] › tests\e2e\e2e-US-201.spec.ts:40:3 › US-201: Website Note Feature E2E Tests › S-2: saves memo with line breaks and special characters 
    [chromium] › tests\e2e\e2e-US-201.spec.ts:62:3 › US-201: Website Note Feature E2E Tests › S-3: edits an existing memo 
    [chromium] › tests\e2e\e2e-US-201.spec.ts:91:3 › US-201: Website Note Feature E2E Tests › S-4: clears a memo 
    [chromium] › tests\e2e\e2e-US-201.spec.ts:120:3 › US-201: Website Note Feature E2E Tests › S-5: memo persists after page reload 
    [chromium] › tests\e2e\e2e-US-201.spec.ts:152:3 › US-201: Website Note Feature E2E Tests › S-6: displays memos in website list 
    [chromium] › tests\e2e\e2e-US-201.spec.ts:178:3 › US-201: Website Note Feature E2E Tests › S-7: truncates long memos in list 
    [chromium] › tests\e2e\e2e-US-201.spec.ts:204:3 › US-201: Website Note Feature E2E Tests › S-8: memo in list matches memo in detail view 
    [chromium] › tests\e2e\e2e-US-201.spec.ts:239:3 › US-201: Website Note Feature E2E Tests › S-9: rejects memo exceeding 500 characters 
    [chromium] › tests\e2e\e2e-US-201.spec.ts:269:3 › US-201: Website Note Feature E2E Tests › S-12: displays website with no memo 
    [chromium] › tests\e2e\e2e-US-201.spec.ts:290:3 › US-201: Website Note Feature E2E Tests › S-13: edits existing website with null memo 
    [chromium] › tests\e2e\login.spec.ts:9:3 › Login tests › logs user in with correct credentials and logs user out 
    [chromium] › tests\e2e\login.spec.ts:19:3 › Login tests › shows validation for blank inputs or incorrect credentials 
    [chromium] › tests\e2e\user.spec.ts:12:3 › User tests › adds a user ────────────────────────────
    [chromium] › tests\e2e\website.spec.ts:5:3 › Website tests › adds a website ────────────────────
    [chromium] › tests\e2e\website.spec.ts:28:3 › Website tests › edits a website ──────────────────
    [chromium] › tests\e2e\website.spec.ts:56:3 › Website tests › deletes a website ────────────────
  17 did not run
  9 passed (6.4m)
[ELIFECYCLE] Command failed with exit code 1.
